---
source: src/parser.rs
expression: "parse_crontab(\"2 4 */3 * 0-6 Asia/Shanghai\").unwrap()"
---
Crontab {
    minutes: PossibleLiterals {
        values: {
            2,
        },
    },
    hours: PossibleLiterals {
        values: {
            4,
        },
    },
    months: PossibleLiterals {
        values: {
            1,
            2,
            3,
            4,
            5,
            6,
            7,
            8,
            9,
            10,
            11,
            12,
        },
    },
    days_of_month: PossibleLiterals {
        values: {
            1,
            4,
            7,
            10,
            13,
            16,
            19,
            22,
            25,
            28,
            31,
        },
    },
    days_of_week: PossibleDaysOfWeek {
        literals: {
            1,
            2,
            3,
            4,
            5,
            6,
            7,
        },
        last_days_of_week: {},
        nth_days_of_week: {},
    },
    timezone: TimeZone(
        TZif(
            "Asia/Shanghai",
        ),
    ),
}
