---
source: src/parser.rs
expression: "parse_crontab(\"1,2,10 1 1 1 * Asia/Shanghai\").unwrap()"
---
Crontab {
    minutes: PossibleLiterals {
        values: {
            1,
            2,
            10,
        },
    },
    hours: PossibleLiterals {
        values: {
            1,
        },
    },
    months: PossibleLiterals {
        values: {
            1,
        },
    },
    days_of_month: PossibleLiterals {
        values: {
            1,
        },
    },
    days_of_week: PossibleDaysOfWeek {
        literals: {
            1,
            2,
            3,
            4,
            5,
            6,
            7,
        },
        last_days_of_week: {},
        nth_days_of_week: {},
    },
    timezone: TimeZone(
        TZif(
            "Asia/Shanghai",
        ),
    ),
}
